// Jest Snapshot v1, https://goo.gl/fbAQLP

exports[`Available Ships Component Available Ships Snapshot 1`] = `
Object {
  "asFragment": [Function],
  "baseElement": <body>
    <div>
      <div
        class="container"
      >
        <div
          class="header"
        >
          Available Ships
        </div>
        <div
          aria-label="Ships available to buy"
        >
          <div
            class="row"
            data-testid="ShipItem"
          >
            <span
              class="label"
            >
              Type:
            </span>
             
            EM-MK-III
            <span
              class="label"
            >
              Class:
            </span>
             
            MK-III
            <span
              class="label"
            >
              Manufacturer:
            </span>
             
            Electrum
            <span
              class="label"
            >
              Max Cargo:
            </span>
             
            100
          </div>
          <div
            class="row"
            data-testid="ShipItem"
          >
            <span
              class="label"
            >
              Type:
            </span>
             
            EM-MK-II
            <span
              class="label"
            >
              Class:
            </span>
             
            MK-II
            <span
              class="label"
            >
              Manufacturer:
            </span>
             
            Electrum
            <span
              class="label"
            >
              Max Cargo:
            </span>
             
            100
          </div>
          <div
            class="row"
            data-testid="ShipItem"
          >
            <span
              class="label"
            >
              Type:
            </span>
             
            ZA-MK-II
            <span
              class="label"
            >
              Class:
            </span>
             
            MK-II
            <span
              class="label"
            >
              Manufacturer:
            </span>
             
            Zetra
            <span
              class="label"
            >
              Max Cargo:
            </span>
             
            300
          </div>
          <div
            class="row"
            data-testid="ShipItem"
          >
            <span
              class="label"
            >
              Type:
            </span>
             
            GR-MK-I
            <span
              class="label"
            >
              Class:
            </span>
             
            MK-I
            <span
              class="label"
            >
              Manufacturer:
            </span>
             
            Gravager
            <span
              class="label"
            >
              Max Cargo:
            </span>
             
            300
          </div>
          <div
            class="row"
            data-testid="ShipItem"
          >
            <span
              class="label"
            >
              Type:
            </span>
             
            ZA-MK-III
            <span
              class="label"
            >
              Class:
            </span>
             
            MK-III
            <span
              class="label"
            >
              Manufacturer:
            </span>
             
            Zetra
            <span
              class="label"
            >
              Max Cargo:
            </span>
             
            300
          </div>
          <div
            class="row"
            data-testid="ShipItem"
          >
            <span
              class="label"
            >
              Type:
            </span>
             
            JW-MK-II
            <span
              class="label"
            >
              Class:
            </span>
             
            MK-II
            <span
              class="label"
            >
              Manufacturer:
            </span>
             
            Jackshaw
            <span
              class="label"
            >
              Max Cargo:
            </span>
             
            100
          </div>
          <div
            class="row"
            data-testid="ShipItem"
          >
            <span
              class="label"
            >
              Type:
            </span>
             
            JW-MK-I
            <span
              class="label"
            >
              Class:
            </span>
             
            MK-I
            <span
              class="label"
            >
              Manufacturer:
            </span>
             
            Jackshaw
            <span
              class="label"
            >
              Max Cargo:
            </span>
             
            100
          </div>
          <div
            class="row"
            data-testid="ShipItem"
          >
            <span
              class="label"
            >
              Type:
            </span>
             
            GR-MK-III
            <span
              class="label"
            >
              Class:
            </span>
             
            MK-III
            <span
              class="label"
            >
              Manufacturer:
            </span>
             
            Gravager
            <span
              class="label"
            >
              Max Cargo:
            </span>
             
            5000
          </div>
          <div
            class="row"
            data-testid="ShipItem"
          >
            <span
              class="label"
            >
              Type:
            </span>
             
            GR-MK-II
            <span
              class="label"
            >
              Class:
            </span>
             
            MK-II
            <span
              class="label"
            >
              Manufacturer:
            </span>
             
            Gravager
            <span
              class="label"
            >
              Max Cargo:
            </span>
             
            1000
          </div>
        </div>
      </div>
    </div>
  </body>,
  "container": <div>
    <div
      class="container"
    >
      <div
        class="header"
      >
        Available Ships
      </div>
      <div
        aria-label="Ships available to buy"
      >
        <div
          class="row"
          data-testid="ShipItem"
        >
          <span
            class="label"
          >
            Type:
          </span>
           
          EM-MK-III
          <span
            class="label"
          >
            Class:
          </span>
           
          MK-III
          <span
            class="label"
          >
            Manufacturer:
          </span>
           
          Electrum
          <span
            class="label"
          >
            Max Cargo:
          </span>
           
          100
        </div>
        <div
          class="row"
          data-testid="ShipItem"
        >
          <span
            class="label"
          >
            Type:
          </span>
           
          EM-MK-II
          <span
            class="label"
          >
            Class:
          </span>
           
          MK-II
          <span
            class="label"
          >
            Manufacturer:
          </span>
           
          Electrum
          <span
            class="label"
          >
            Max Cargo:
          </span>
           
          100
        </div>
        <div
          class="row"
          data-testid="ShipItem"
        >
          <span
            class="label"
          >
            Type:
          </span>
           
          ZA-MK-II
          <span
            class="label"
          >
            Class:
          </span>
           
          MK-II
          <span
            class="label"
          >
            Manufacturer:
          </span>
           
          Zetra
          <span
            class="label"
          >
            Max Cargo:
          </span>
           
          300
        </div>
        <div
          class="row"
          data-testid="ShipItem"
        >
          <span
            class="label"
          >
            Type:
          </span>
           
          GR-MK-I
          <span
            class="label"
          >
            Class:
          </span>
           
          MK-I
          <span
            class="label"
          >
            Manufacturer:
          </span>
           
          Gravager
          <span
            class="label"
          >
            Max Cargo:
          </span>
           
          300
        </div>
        <div
          class="row"
          data-testid="ShipItem"
        >
          <span
            class="label"
          >
            Type:
          </span>
           
          ZA-MK-III
          <span
            class="label"
          >
            Class:
          </span>
           
          MK-III
          <span
            class="label"
          >
            Manufacturer:
          </span>
           
          Zetra
          <span
            class="label"
          >
            Max Cargo:
          </span>
           
          300
        </div>
        <div
          class="row"
          data-testid="ShipItem"
        >
          <span
            class="label"
          >
            Type:
          </span>
           
          JW-MK-II
          <span
            class="label"
          >
            Class:
          </span>
           
          MK-II
          <span
            class="label"
          >
            Manufacturer:
          </span>
           
          Jackshaw
          <span
            class="label"
          >
            Max Cargo:
          </span>
           
          100
        </div>
        <div
          class="row"
          data-testid="ShipItem"
        >
          <span
            class="label"
          >
            Type:
          </span>
           
          JW-MK-I
          <span
            class="label"
          >
            Class:
          </span>
           
          MK-I
          <span
            class="label"
          >
            Manufacturer:
          </span>
           
          Jackshaw
          <span
            class="label"
          >
            Max Cargo:
          </span>
           
          100
        </div>
        <div
          class="row"
          data-testid="ShipItem"
        >
          <span
            class="label"
          >
            Type:
          </span>
           
          GR-MK-III
          <span
            class="label"
          >
            Class:
          </span>
           
          MK-III
          <span
            class="label"
          >
            Manufacturer:
          </span>
           
          Gravager
          <span
            class="label"
          >
            Max Cargo:
          </span>
           
          5000
        </div>
        <div
          class="row"
          data-testid="ShipItem"
        >
          <span
            class="label"
          >
            Type:
          </span>
           
          GR-MK-II
          <span
            class="label"
          >
            Class:
          </span>
           
          MK-II
          <span
            class="label"
          >
            Manufacturer:
          </span>
           
          Gravager
          <span
            class="label"
          >
            Max Cargo:
          </span>
           
          1000
        </div>
      </div>
    </div>
  </div>,
  "debug": [Function],
  "findAllByAltText": [Function],
  "findAllByDisplayValue": [Function],
  "findAllByLabelText": [Function],
  "findAllByPlaceholderText": [Function],
  "findAllByRole": [Function],
  "findAllByTestId": [Function],
  "findAllByText": [Function],
  "findAllByTitle": [Function],
  "findByAltText": [Function],
  "findByDisplayValue": [Function],
  "findByLabelText": [Function],
  "findByPlaceholderText": [Function],
  "findByRole": [Function],
  "findByTestId": [Function],
  "findByText": [Function],
  "findByTitle": [Function],
  "getAllByAltText": [Function],
  "getAllByDisplayValue": [Function],
  "getAllByLabelText": [Function],
  "getAllByPlaceholderText": [Function],
  "getAllByRole": [Function],
  "getAllByTestId": [Function],
  "getAllByText": [Function],
  "getAllByTitle": [Function],
  "getByAltText": [Function],
  "getByDisplayValue": [Function],
  "getByLabelText": [Function],
  "getByPlaceholderText": [Function],
  "getByRole": [Function],
  "getByTestId": [Function],
  "getByText": [Function],
  "getByTitle": [Function],
  "queryAllByAltText": [Function],
  "queryAllByDisplayValue": [Function],
  "queryAllByLabelText": [Function],
  "queryAllByPlaceholderText": [Function],
  "queryAllByRole": [Function],
  "queryAllByTestId": [Function],
  "queryAllByText": [Function],
  "queryAllByTitle": [Function],
  "queryByAltText": [Function],
  "queryByDisplayValue": [Function],
  "queryByLabelText": [Function],
  "queryByPlaceholderText": [Function],
  "queryByRole": [Function],
  "queryByTestId": [Function],
  "queryByText": [Function],
  "queryByTitle": [Function],
  "rerender": [Function],
  "unmount": [Function],
}
`;
