// Jest Snapshot v1, https://goo.gl/fbAQLP

exports[`User Login Component User snapshot 1`] = `
Object {
  "asFragment": [Function],
  "baseElement": <body>
    <div>
      <div>
        <div>
          Auth token: 
          <span
            data-testid="token"
          />
        </div>
        <div>
          Errors: 
          <span>
            [none]
          </span>
        </div>
        <div
          class="row"
        >
          <input
            aria-label="User name"
            class="textbox"
            data-testid="UserName"
            value=""
          />
          <button
            class="button"
            data-testid="LoginSubmit"
            disabled=""
          >
            Login
          </button>
        </div>
        <div>
          Auth status: 
          idle
        </div>
        <div>
          Username: 
          
        </div>
      </div>
    </div>
  </body>,
  "container": <div>
    <div>
      <div>
        Auth token: 
        <span
          data-testid="token"
        />
      </div>
      <div>
        Errors: 
        <span>
          [none]
        </span>
      </div>
      <div
        class="row"
      >
        <input
          aria-label="User name"
          class="textbox"
          data-testid="UserName"
          value=""
        />
        <button
          class="button"
          data-testid="LoginSubmit"
          disabled=""
        >
          Login
        </button>
      </div>
      <div>
        Auth status: 
        idle
      </div>
      <div>
        Username: 
        
      </div>
    </div>
  </div>,
  "debug": [Function],
  "findAllByAltText": [Function],
  "findAllByDisplayValue": [Function],
  "findAllByLabelText": [Function],
  "findAllByPlaceholderText": [Function],
  "findAllByRole": [Function],
  "findAllByTestId": [Function],
  "findAllByText": [Function],
  "findAllByTitle": [Function],
  "findByAltText": [Function],
  "findByDisplayValue": [Function],
  "findByLabelText": [Function],
  "findByPlaceholderText": [Function],
  "findByRole": [Function],
  "findByTestId": [Function],
  "findByText": [Function],
  "findByTitle": [Function],
  "getAllByAltText": [Function],
  "getAllByDisplayValue": [Function],
  "getAllByLabelText": [Function],
  "getAllByPlaceholderText": [Function],
  "getAllByRole": [Function],
  "getAllByTestId": [Function],
  "getAllByText": [Function],
  "getAllByTitle": [Function],
  "getByAltText": [Function],
  "getByDisplayValue": [Function],
  "getByLabelText": [Function],
  "getByPlaceholderText": [Function],
  "getByRole": [Function],
  "getByTestId": [Function],
  "getByText": [Function],
  "getByTitle": [Function],
  "queryAllByAltText": [Function],
  "queryAllByDisplayValue": [Function],
  "queryAllByLabelText": [Function],
  "queryAllByPlaceholderText": [Function],
  "queryAllByRole": [Function],
  "queryAllByTestId": [Function],
  "queryAllByText": [Function],
  "queryAllByTitle": [Function],
  "queryByAltText": [Function],
  "queryByDisplayValue": [Function],
  "queryByLabelText": [Function],
  "queryByPlaceholderText": [Function],
  "queryByRole": [Function],
  "queryByTestId": [Function],
  "queryByText": [Function],
  "queryByTitle": [Function],
  "rerender": [Function],
  "unmount": [Function],
}
`;
